Building vivi-ornitier [commander] ... OK 99 cards, 38 lands, avgCMC 2.3, gold 5, counters 0, ref-overlap 69%, iss 77, curve 55, winRoute spell_burn, bracket 4/target 3, 52290ms
SKIP vivi-ornitier [brawl] — commander not legal in brawl
Building ramos-dragon-engine [commander] ... OK 99 cards, 38 lands, avgCMC 3.56, gold 39, counters 0, ref-overlap 15%, iss 35, curve 65, winRoute spell_burn, bracket 2/target 3, 56517ms
Building ramos-dragon-engine [brawl] ... OK 99 cards, 38 lands, avgCMC 3.46, gold 33, counters 0, ref-overlap 18%, iss 36, curve 70, winRoute spell_burn, bracket 2/target 3, 48818ms
Building magus-lucea-kane [commander] ... OK 99 cards, 38 lands, avgCMC 2.39, gold 9, counters 4, ref-overlap 64%, iss 28, curve 59, winRoute spell_burn, bracket 2/target 3, 56887ms
SKIP magus-lucea-kane [brawl] — commander not legal in brawl
Building thrasios-tymna [commander] ... OK 99 cards, 39 lands, avgCMC 2.23, gold 6, counters 0, ref-overlap 28%, iss 0, curve 27, winRoute value_grind, bracket 4/target 5, 105006ms
Building thrasios-tymna [brawl] ... OK 99 cards, 39 lands, avgCMC 2.08, gold 4, counters 0, ref-overlap 27%, iss 0, curve 2, winRoute value_grind, bracket 4/target 5, 87405ms
Building mono-w-heliod [commander] ... OK 99 cards, 38 lands, avgCMC 2.7, gold 0, counters 0, ref-overlap 61%, iss 86, curve 49, winRoute combo, bracket 3/target 3, 58658ms
Building mono-w-heliod [brawl] ... OK 99 cards, 38 lands, avgCMC 2.8, gold 0, counters 0, ref-overlap 64%, iss 74, curve 58, winRoute alt_win, bracket 4/target 3, 48469ms
Building mono-u-orvar [commander] ... OK 99 cards, 38 lands, avgCMC 2.51, gold 0, counters 0, ref-overlap 67%, iss 64, curve 52, winRoute combat_wide, bracket 3/target 3, 53102ms
Building mono-u-orvar [brawl] ... OK 99 cards, 38 lands, avgCMC 3.03, gold 0, counters 0, ref-overlap 57%, iss 73, curve 69, winRoute combat_wide, bracket 3/target 3, 48523ms
Building mono-b-sheoldred [commander] ... OK 99 cards, 38 lands, avgCMC 3.59, gold 0, counters 0, ref-overlap 77%, iss 33, curve 70, winRoute combo, bracket 4/target 3, 52338ms
Building mono-b-sheoldred [brawl] ... OK 99 cards, 38 lands, avgCMC 3.64, gold 0, counters 0, ref-overlap 64%, iss 33, curve 66, winRoute combo, bracket 4/target 3, 42774ms
Building mono-r-krenko [commander] ... OK 99 cards, 38 lands, avgCMC 2.8, gold 0, counters 0, ref-overlap 75%, iss 45, curve 50, winRoute combat_wide, bracket 2/target 3, 49682ms
Building mono-r-krenko [brawl] ... OK 99 cards, 38 lands, avgCMC 2.8, gold 0, counters 0, ref-overlap 64%, iss 35, curve 30, winRoute combat_wide, bracket 2/target 3, 44786ms
Building mono-g-ghalta [commander] ... OK 99 cards, 41 lands, avgCMC 3.12, gold 0, counters 0, ref-overlap 74%, iss 5, curve 80, winRoute value_grind, bracket 2/target 3, 44470ms
Building mono-g-ghalta [brawl] ... OK 99 cards, 42 lands, avgCMC 2.98, gold 0, counters 0, ref-overlap 65%, iss 5, curve 68, winRoute value_grind, bracket 2/target 3, 40408ms

Wrote 16 builds to C:\Users\QuLeR\MTG-deck-builder\decks\test-builds
{"hardFails":0,"score":961}EXIT=0
